ERC report (2026-03-06T14:00:55+0000, Encoding UTF8)

***** Sheet /
[footprint_link_issues]: The current configuration does not include the footprint library 'RD-Testpoints'.
    ; warning
    @(0.5715 mm, 0.6223 mm): Symbol TP201 [TestPoint]

[lib_symbol_mismatch]: Symbol 'BC846' doesn't match copy in library 'Transistor_BJT'
    ; warning
    @(1.1811 mm, 0.762 mm): Symbol Q301 [BC846]

[footprint_link_issues]: The current configuration does not include the footprint library 'RD-Testpoints'.
    ; warning
    @(1.2065 mm, 0.8763 mm): Symbol TP301 [TestPoint]

[footprint_link_issues]: The current configuration does not include the footprint library 'RD-Testpoints'.
    ; warning
    @(1.4859 mm, 0.762 mm): Symbol TP302 [TestPoint]

[lib_symbol_mismatch]: Symbol 'BC856' doesn't match copy in library 'Transistor_BJT'
    ; warning
    @(1.6637 mm, 1.4859 mm): Symbol Q801 [BC856]

[footprint_link_issues]: The current configuration does not include the footprint library 'RD-Testpoints'.
    ; warning
    @(1.0414 mm, 2.1717 mm): Symbol TP501 [TestPoint]

[lib_symbol_mismatch]: Symbol 'BC846' doesn't match copy in library 'Transistor_BJT'
    ; warning
    @(1.9431 mm, 1.4859 mm): Symbol Q802 [BC846]

[footprint_link_issues]: The current configuration does not include the footprint library 'RD-Testpoints'.
    ; warning
    @(2.4892 mm, 0.9525 mm): Symbol TP701 [TestPoint]

[lib_symbol_mismatch]: Symbol 'BC856' doesn't match copy in library 'Transistor_BJT'
    ; warning
    @(1.5621 mm, 2.3368 mm): Symbol Q501 [BC856]

[lib_symbol_mismatch]: Symbol 'BC846' doesn't match copy in library 'Transistor_BJT'
    ; warning
    @(2.6797 mm, 0.9779 mm): Symbol Q701 [BC846]

[footprint_link_issues]: The current configuration does not include the footprint library 'RD-Testpoints'.
    ; warning
    @(2.794 mm, 1.397 mm): Symbol TP702 [TestPoint]

[footprint_link_issues]: The current configuration does not include the footprint library 'RD-Testpoints'.
    ; warning
    @(3.4671 mm, 0.6096 mm): Symbol TP101 [TestPoint]

[footprint_link_issues]: The current configuration does not include the footprint library 'RD-Testpoints'.
    ; warning
    @(3.302 mm, 1.27 mm): Symbol TP901 [TestPoint]

[footprint_link_issues]: The current configuration does not include the footprint library 'RD-Testpoints'.
    ; warning
    @(3.7338 mm, 0.6096 mm): Symbol TP102 [TestPoint]

[footprint_link_issues]: The current configuration does not include the footprint library 'RD-Symbols-Silkscreen'.
    ; warning
    @(3.81 mm, 1.5875 mm): Symbol ID901 [BOARD_STACKUP_MARKER]

[lib_symbol_issues]: The current configuration does not include the symbol library 'Ryan-Dynamics'
    ; warning
    @(3.81 mm, 1.5875 mm): Symbol ID901 [BOARD_STACKUP_MARKER]

***** Sheet /SCHEMATIC/
[multiple_net_names]: Both VPROT and SHUNT_HI are attached to the same items; VPROT will be used in the netlist
    ; warning
    @(0.6985 mm, 0.6096 mm): Global Label 'VPROT'
    @(2.2606 mm, 0.6858 mm): Label 'SHUNT_HI'

[multiple_net_names]: Both VSUPPLY and SHUNT_LO are attached to the same items; VSUPPLY will be used in the netlist
    ; warning
    @(2.4892 mm, 0.6096 mm): Global Label 'VSUPPLY'
    @(2.3368 mm, 0.6858 mm): Label 'SHUNT_LO'

***** Sheet /REVISION HISTORY/
 ** ERC messages: 18  Errors 0  Warnings 18
