** Drc report for Input-Protection.kicad_pcb **
** Created on 2026-02-18T01:01:54+0000 **

** Found 42 DRC violations **
[lib_footprint_mismatch]: Footprint 'R_1206_3216Metric_Pad1.30x1.75mm_HandSolder' does not match copy in library 'Resistor_SMD'.
    ; warning
    @(155.065645 mm, 85.65 mm): Footprint R503
[lib_footprint_mismatch]: Footprint 'C_0603_1608Metric_Pad1.08x0.95mm_HandSolder' does not match copy in library 'Capacitor_SMD'.
    ; warning
    @(160.528145 mm, 76.55 mm): Footprint C501
[lib_footprint_mismatch]: Footprint 'R_1206_3216Metric_Pad1.30x1.75mm_HandSolder' does not match copy in library 'Resistor_SMD'.
    ; warning
    @(171.815646 mm, 57.599999 mm): Footprint R402
[lib_footprint_mismatch]: Footprint 'R_1206_3216Metric_Pad1.30x1.75mm_HandSolder' does not match copy in library 'Resistor_SMD'.
    ; warning
    @(155.065645 mm, 64.65 mm): Footprint R506
[lib_footprint_mismatch]: Footprint 'R_1206_3216Metric_Pad1.30x1.75mm_HandSolder' does not match copy in library 'Resistor_SMD'.
    ; warning
    @(149.065645 mm, 71.15 mm): Footprint R305
[lib_footprint_mismatch]: Footprint 'SOIC-8_3.9x4.9mm_P1.27mm' does not match copy in library 'Package_SO'.
    ; warning
    @(155.065645 mm, 78.65 mm): Footprint U501
[lib_footprint_mismatch]: Footprint 'R_1206_3216Metric_Pad1.30x1.75mm_HandSolder' does not match copy in library 'Resistor_SMD'.
    ; warning
    @(166.065645 mm, 82.200001 mm): Footprint R601
[lib_footprint_mismatch]: Footprint 'R_1206_3216Metric_Pad1.30x1.75mm_HandSolder' does not match copy in library 'Resistor_SMD'.
    ; warning
    @(143.865646 mm, 69.9 mm): Footprint R511
[lib_footprint_mismatch]: Footprint 'R_1206_3216Metric_Pad1.30x1.75mm_HandSolder' does not match copy in library 'Resistor_SMD'.
    ; warning
    @(152.565645 mm, 62.700001 mm): Footprint R508
[lib_footprint_mismatch]: Footprint 'C_0603_1608Metric_Pad1.08x0.95mm_HandSolder' does not match copy in library 'Capacitor_SMD'.
    ; warning
    @(166.065645 mm, 74.537499 mm): Footprint C506
[lib_footprint_mismatch]: Footprint 'C_0603_1608Metric_Pad1.08x0.95mm_HandSolder' does not match copy in library 'Capacitor_SMD'.
    ; warning
    @(153.028146 mm, 58.4 mm): Footprint C502
[lib_footprint_mismatch]: Footprint 'R_1206_3216Metric_Pad1.30x1.75mm_HandSolder' does not match copy in library 'Resistor_SMD'.
    ; warning
    @(179.115646 mm, 65.4 mm): Footprint R604
[lib_footprint_mismatch]: Footprint 'C_0603_1608Metric_Pad1.08x0.95mm_HandSolder' does not match copy in library 'Capacitor_SMD'.
    ; warning
    @(167.315646 mm, 61.4 mm): Footprint C402
[lib_footprint_mismatch]: Footprint 'C_0603_1608Metric_Pad1.08x0.95mm_HandSolder' does not match copy in library 'Capacitor_SMD'.
    ; warning
    @(139.453144 mm, 63.9 mm): Footprint C504
[lib_footprint_mismatch]: Footprint 'R_1206_3216Metric_Pad1.30x1.75mm_HandSolder' does not match copy in library 'Resistor_SMD'.
    ; warning
    @(177.565645 mm, 82.15 mm): Footprint R603
[lib_footprint_mismatch]: Footprint 'R_1206_3216Metric_Pad1.30x1.75mm_HandSolder' does not match copy in library 'Resistor_SMD'.
    ; warning
    @(149.065645 mm, 81.15 mm): Footprint R302
[lib_footprint_mismatch]: Footprint 'R_1206_3216Metric_Pad1.30x1.75mm_HandSolder' does not match copy in library 'Resistor_SMD'.
    ; warning
    @(155.065645 mm, 74.15 mm): Footprint R505
[lib_footprint_mismatch]: Footprint 'TerminalBlock_Phoenix_MKDS-1-2-3.81_1x02_P3.81mm_Horizontal' does not match copy in library 'TerminalBlock_Phoenix'.
    ; warning
    @(122.565645 mm, 81.65 mm): Footprint J102
[lib_footprint_mismatch]: Footprint 'R_1206_3216Metric_Pad1.30x1.75mm_HandSolder' does not match copy in library 'Resistor_SMD'.
    ; warning
    @(142.315645 mm, 57.4 mm): Footprint R504
[lib_footprint_mismatch]: Footprint 'C_0603_1608Metric_Pad1.08x0.95mm_HandSolder' does not match copy in library 'Capacitor_SMD'.
    ; warning
    @(168.815646 mm, 57.4 mm): Footprint C401
[lib_footprint_mismatch]: Footprint 'R_1206_3216Metric_Pad1.30x1.75mm_HandSolder' does not match copy in library 'Resistor_SMD'.
    ; warning
    @(149.065645 mm, 76.15 mm): Footprint R304
[lib_footprint_mismatch]: Footprint 'R_1206_3216Metric_Pad1.30x1.75mm_HandSolder' does not match copy in library 'Resistor_SMD'.
    ; warning
    @(144.065645 mm, 78.65 mm): Footprint R301
[lib_footprint_mismatch]: Footprint 'R_1206_3216Metric_Pad1.30x1.75mm_HandSolder' does not match copy in library 'Resistor_SMD'.
    ; warning
    @(137.565645 mm, 82.15 mm): Footprint R202
[lib_footprint_mismatch]: Footprint 'TerminalBlock_Phoenix_MKDS-1-2-3.81_1x02_P3.81mm_Horizontal' does not match copy in library 'TerminalBlock_Phoenix'.
    ; warning
    @(192.565645 mm, 85.46 mm): Footprint J103
[lib_footprint_mismatch]: Footprint 'R_1206_3216Metric_Pad1.30x1.75mm_HandSolder' does not match copy in library 'Resistor_SMD'.
    ; warning
    @(155.065645 mm, 71.65 mm): Footprint R507
[lib_footprint_mismatch]: Footprint 'C_0603_1608Metric_Pad1.08x0.95mm_HandSolder' does not match copy in library 'Capacitor_SMD'.
    ; warning
    @(167.678148 mm, 64.15 mm): Footprint C403
[lib_footprint_mismatch]: Footprint 'LED_0805_2012Metric_Pad1.15x1.40mm_HandSolder' does not match copy in library 'LED_SMD'.
    ; warning
    @(167.065645 mm, 78.65 mm): Footprint D502
[lib_footprint_mismatch]: Footprint 'R_1206_3216Metric_Pad1.30x1.75mm_HandSolder' does not match copy in library 'Resistor_SMD'.
    ; warning
    @(172.015646 mm, 64.9625 mm): Footprint R403
[lib_footprint_mismatch]: Footprint 'R_1206_3216Metric_Pad1.30x1.75mm_HandSolder' does not match copy in library 'Resistor_SMD'.
    ; warning
    @(155.065645 mm, 83.15 mm): Footprint R501
[lib_footprint_mismatch]: Footprint 'SOT-23' does not match copy in library 'Package_TO_SOT_SMD'.
    ; warning
    @(176.315645 mm, 87.65 mm): Footprint Q601
[lib_footprint_mismatch]: Footprint 'R_1206_3216Metric_Pad1.30x1.75mm_HandSolder' does not match copy in library 'Resistor_SMD'.
    ; warning
    @(168.565645 mm, 82.200001 mm): Footprint R509
[lib_footprint_mismatch]: Footprint 'SOIC-8_3.9x4.9mm_P1.27mm' does not match copy in library 'Package_SO'.
    ; warning
    @(147.540645 mm, 60.515 mm): Footprint U502
[lib_footprint_mismatch]: Footprint 'SOT-23' does not match copy in library 'Package_TO_SOT_SMD'.
    ; warning
    @(173.515646 mm, 61.7125 mm): Footprint U401
[lib_footprint_mismatch]: Footprint 'SOT-23-5' does not match copy in library 'Package_TO_SOT_SMD'.
    ; warning
    @(144.065645 mm, 74.15 mm): Footprint U503
[lib_footprint_mismatch]: Footprint 'C_0603_1608Metric_Pad1.08x0.95mm_HandSolder' does not match copy in library 'Capacitor_SMD'.
    ; warning
    @(151.315645 mm, 86.512501 mm): Footprint C503
[lib_footprint_mismatch]: Footprint 'R_1206_3216Metric_Pad1.30x1.75mm_HandSolder' does not match copy in library 'Resistor_SMD'.
    ; warning
    @(171.065645 mm, 80.250002 mm): Footprint R510
[lib_footprint_mismatch]: Footprint 'R_1206_3216Metric_Pad1.30x1.75mm_HandSolder' does not match copy in library 'Resistor_SMD'.
    ; warning
    @(137.515644 mm, 87.65 mm): Footprint R201
[lib_footprint_mismatch]: Footprint 'R_1206_3216Metric_Pad1.30x1.75mm_HandSolder' does not match copy in library 'Resistor_SMD'.
    ; warning
    @(175.315645 mm, 92.200001 mm): Footprint R602
[lib_footprint_mismatch]: Footprint 'C_0603_1608Metric_Pad1.08x0.95mm_HandSolder' does not match copy in library 'Capacitor_SMD'.
    ; warning
    @(151.315645 mm, 70.9 mm): Footprint C505
[lib_footprint_mismatch]: Footprint 'R_1206_3216Metric_Pad1.30x1.75mm_HandSolder' does not match copy in library 'Resistor_SMD'.
    ; warning
    @(169.315645 mm, 60.700001 mm): Footprint R401
[lib_footprint_mismatch]: Footprint 'R_1206_3216Metric_Pad1.30x1.75mm_HandSolder' does not match copy in library 'Resistor_SMD'.
    ; warning
    @(142.315645 mm, 62.300001 mm): Footprint R502
[lib_footprint_mismatch]: Footprint 'R_1206_3216Metric_Pad1.30x1.75mm_HandSolder' does not match copy in library 'Resistor_SMD'.
    ; warning
    @(149.065645 mm, 86.15 mm): Footprint R303

** Found 0 unconnected pads **

** Found 0 Footprint errors **

** End of Report **
